// Jest Snapshot v1, https://goo.gl/fbAQLP

exports[`should take a snapshot 1`] = `
<DocumentFragment>
  <div
    class="notifications-popup makeStyles-popupContainer-4"
  >
    <p>
      under construction
    </p>
  </div>
  <nav
    class="navbar makeStyles-navbar-7"
  >
    <div
      class="navbarContainer makeStyles-navbarContainer-6"
    >
      <div
        class="sidebar undefined"
      >
        <svg
          aria-hidden="true"
          class="MuiSvgIcon-root makeStyles-toggleIcon-9 MuiSvgIcon-fontSizeLarge"
          focusable="false"
          style="visibility: visible;"
          viewBox="0 0 24 24"
        >
          <path
            d="M3 18h18v-2H3v2zm0-5h18v-2H3v2zm0-7v2h18V6H3z"
          />
        </svg>
      </div>
      <a
        class="makeStyles-logoLink-8"
        href="/"
      >
        <img
          alt="QuickCart Logo"
          class="makeStyles-logoLink-8"
          src="QuickCart-Logo.png"
        />
      </a>
      <a
        class="makeStyles-cartLink-14"
        href="/cart"
      >
        <div
          class="makeStyles-cartLink-14"
        >
          <svg
            aria-hidden="true"
            class="MuiSvgIcon-root MuiSvgIcon-colorAction MuiSvgIcon-fontSizeLarge"
            focusable="false"
            viewBox="0 0 24 24"
          >
            <path
              d="M7 18c-1.1 0-1.99.9-1.99 2S5.9 22 7 22s2-.9 2-2-.9-2-2-2zM1 2v2h2l3.6 7.59-1.35 2.45c-.16.28-.25.61-.25.96 0 1.1.9 2 2 2h12v-2H7.42c-.14 0-.25-.11-.25-.25l.03-.12.9-1.63h7.45c.75 0 1.41-.41 1.75-1.03l3.58-6.49c.08-.14.12-.31.12-.48 0-.55-.45-1-1-1H5.21l-.94-2H1zm16 16c-1.1 0-1.99.9-1.99 2s.89 2 1.99 2 2-.9 2-2-.9-2-2-2z"
            />
          </svg>
        </div>
      </a>
    </div>
  </nav>
  <div
    class="makeStyles-navbarSpacing-2"
  />
  <div
    class="makeStyles-content-3"
  >
    <div
      class="welcome-container makeStyles-welcomeContainer-20"
    >
      <p
        class="makeStyles-appDescription-26"
      >
        Organize and budget a personal grocery cart for easy shopping
      </p>
      <div
        class="makeStyles-accountRedirect-25"
      >
        <a
          class="makeStyles-accountLink-22"
          href="/signup"
        >
          Sign up
        </a>
        <a
          class="makeStyles-loginLink-23"
          href="/login"
        >
          Log in
        </a>
      </div>
      <img
        alt="QuickCart Screenshot"
        class="makeStyles-demoImg-21"
        src="demo_transparent.png"
      />
      <div>
        <h2>
          Search Products
        </h2>
        <img
          alt="search products on QuickCart"
          src=""
        />
      </div>
      <div>
        <h2>
          Generate a Shopping List
        </h2>
        <img
          alt="generate a shopping list on QuickCart"
          src=""
        />
      </div>
      <div>
        <h2>
          Customize Product Details
        </h2>
        <img
          alt="customize product details on QuickCart"
          src=""
        />
      </div>
      <div>
        <h2>
          Create an Account Today!
        </h2>
        <a
          class="makeStyles-accountLink-22"
          href="/signup"
        >
          Sign up
        </a>
      </div>
    </div>
  </div>
  <div
    class="makeStyles-footerSpacing-1"
  />
  <footer
    class="footer makeStyles-footer-16"
  >
    <div
      class="makeStyles-copyright-17"
    >
      <p>
        Built by Spencer Lepine
      </p>
    </div>
    <div
      class="makeStyles-socials-18"
    >
      <a
        class="makeStyles-socialsLink-19"
        href="https://twitter.com/SpencerLepine"
        rel="noopener noreferrer"
        target="_blank"
      >
        <p>
          Twitter
        </p>
      </a>
      <a
        class="makeStyles-socialsLink-19"
        href="https://github.com/spencerlepine"
        rel="noopener noreferrer"
        target="_blank"
      >
        <p>
          GitHub
        </p>
      </a>
    </div>
  </footer>
</DocumentFragment>
`;
